access-log is here
111.93.181.226 - - [29/Sep/2016:08:20:14 -0400] "GET / HTTP/1.1" 500 9210 "-" "Mozilla/5.0 (Windows NT 10.0; WOW64) AppleWebKit/537.36 (KHTML, like Gecko) Chrome/53.0.2785.116 Safari/537.36"
111.93.181.226 - - [29/Sep/2016:08:20:15 -0400] "GET /favicon.ico HTTP/1.1" 404 514 "http://averagepriceforanapp.com/" "Mozilla/5.0 (Windows NT 10.0; WOW64) AppleWebKit/537.36 (KHTML, like Gecko) Chrome/53.0.2785.116 Safari/537.36"
111.93.181.226 - - [29/Sep/2016:08:20:16 -0400] "GET / HTTP/1.1" 500 9210 "-" "Mozilla/5.0 (Windows NT 10.0; WOW64) AppleWebKit/537.36 (KHTML, like Gecko) Chrome/53.0.2785.116 Safari/537.36"
111.93.181.226 - - [29/Sep/2016:08:20:16 -0400] "GET /favicon.ico HTTP/1.1" 404 514 "http://averagepriceforanapp.com/" "Mozilla/5.0 (Windows NT 10.0; WOW64) AppleWebKit/537.36 (KHTML, like Gecko) Chrome/53.0.2785.116 Safari/537.36"
111.93.181.226 - - [29/Sep/2016:08:20:17 -0400] "GET / HTTP/1.1" 500 9210 "-" "Mozilla/5.0 (Windows NT 10.0; WOW64) AppleWebKit/537.36 (KHTML, like Gecko) Chrome/53.0.2785.116 Safari/537.36"
111.93.181.226 - - [29/Sep/2016:08:20:17 -0400] "GET /favicon.ico HTTP/1.1" 404 514 "http://averagepriceforanapp.com/" "Mozilla/5.0 (Windows NT 10.0; WOW64) AppleWebKit/537.36 (KHTML, like Gecko) Chrome/53.0.2785.116 Safari/537.36"
111.93.181.226 - - [29/Sep/2016:08:26:03 -0400] "GET / HTTP/1.1" 500 9210 "-" "Mozilla/5.0 (Windows NT 10.0; WOW64) AppleWebKit/537.36 (KHTML, like Gecko) Chrome/53.0.2785.116 Safari/537.36"
111.93.181.226 - - [29/Sep/2016:08:26:04 -0400] "GET /favicon.ico HTTP/1.1" 404 514 "http://averagepriceforanapp.com/" "Mozilla/5.0 (Windows NT 10.0; WOW64) AppleWebKit/537.36 (KHTML, like Gecko) Chrome/53.0.2785.116 Safari/537.36"
111.93.181.226 - - [29/Sep/2016:08:26:05 -0400] "GET / HTTP/1.1" 500 9210 "-" "Mozilla/5.0 (Windows NT 10.0; WOW64) AppleWebKit/537.36 (KHTML, like Gecko) Chrome/53.0.2785.116 Safari/537.36"
111.93.181.226 - - [29/Sep/2016:08:26:05 -0400] "GET /favicon.ico HTTP/1.1" 404 514 "http://averagepriceforanapp.com/" "Mozilla/5.0 (Windows NT 10.0; WOW64) AppleWebKit/537.36 (KHTML, like Gecko) Chrome/53.0.2785.116 Safari/537.36"
111.93.181.226 - - [29/Sep/2016:08:26:06 -0400] "GET / HTTP/1.1" 500 9210 "-" "Mozilla/5.0 (Windows NT 10.0; WOW64) AppleWebKit/537.36 (KHTML, like Gecko) Chrome/53.0.2785.116 Safari/537.36"
111.93.181.226 - - [29/Sep/2016:08:26:07 -0400] "GET /favicon.ico HTTP/1.1" 404 514 "http://averagepriceforanapp.com/" "Mozilla/5.0 (Windows NT 10.0; WOW64) AppleWebKit/537.36 (KHTML, like Gecko) Chrome/53.0.2785.116 Safari/537.36"
111.93.181.226 - - [29/Sep/2016:08:26:07 -0400] "GET / HTTP/1.1" 500 9210 "-" "Mozilla/5.0 (Windows NT 10.0; WOW64) AppleWebKit/537.36 (KHTML, like Gecko) Chrome/53.0.2785.116 Safari/537.36"
111.93.181.226 - - [29/Sep/2016:08:26:07 -0400] "GET /favicon.ico HTTP/1.1" 404 514 "http://averagepriceforanapp.com/" "Mozilla/5.0 (Windows NT 10.0; WOW64) AppleWebKit/537.36 (KHTML, like Gecko) Chrome/53.0.2785.116 Safari/537.36"
111.93.181.226 - - [29/Sep/2016:08:26:08 -0400] "GET / HTTP/1.1" 500 9210 "-" "Mozilla/5.0 (Windows NT 10.0; WOW64) AppleWebKit/537.36 (KHTML, like Gecko) Chrome/53.0.2785.116 Safari/537.36"
111.93.181.226 - - [29/Sep/2016:08:26:08 -0400] "GET /favicon.ico HTTP/1.1" 404 514 "http://averagepriceforanapp.com/" "Mozilla/5.0 (Windows NT 10.0; WOW64) AppleWebKit/537.36 (KHTML, like Gecko) Chrome/53.0.2785.116 Safari/537.36"
111.93.181.226 - - [29/Sep/2016:09:11:21 -0400] "GET / HTTP/1.1" 500 9210 "-" "Mozilla/5.0 (X11; Linux x86_64) AppleWebKit/537.36 (KHTML, like Gecko) Ubuntu Chromium/52.0.2743.116 Chrome/52.0.2743.116 Safari/537.36"
111.93.181.226 - - [29/Sep/2016:09:11:21 -0400] "GET /favicon.ico HTTP/1.1" 404 514 "http://averagepriceforanapp.com/" "Mozilla/5.0 (X11; Linux x86_64) AppleWebKit/537.36 (KHTML, like Gecko) Ubuntu Chromium/52.0.2743.116 Chrome/52.0.2743.116 Safari/537.36"
111.93.181.226 - - [29/Sep/2016:09:11:40 -0400] "GET / HTTP/1.1" 500 9210 "-" "Mozilla/5.0 (Windows NT 10.0; WOW64) AppleWebKit/537.36 (KHTML, like Gecko) Chrome/53.0.2785.116 Safari/537.36"
111.93.181.226 - - [29/Sep/2016:09:11:40 -0400] "GET /favicon.ico HTTP/1.1" 404 514 "http://averagepriceforanapp.com/" "Mozilla/5.0 (Windows NT 10.0; WOW64) AppleWebKit/537.36 (KHTML, like Gecko) Chrome/53.0.2785.116 Safari/537.36"
111.93.181.226 - - [29/Sep/2016:09:18:07 -0400] "GET / HTTP/1.1" 500 9210 "-" "Mozilla/5.0 (Windows NT 10.0; WOW64) AppleWebKit/537.36 (KHTML, like Gecko) Chrome/53.0.2785.116 Safari/537.36"
111.93.181.226 - - [29/Sep/2016:09:18:07 -0400] "GET /favicon.ico HTTP/1.1" 404 514 "http://averagepriceforanapp.com/" "Mozilla/5.0 (Windows NT 10.0; WOW64) AppleWebKit/537.36 (KHTML, like Gecko) Chrome/53.0.2785.116 Safari/537.36"
104.156.231.254 - - [29/Sep/2016:10:16:51 -0400] "GET / HTTP/1.1" 500 9210 "-" "Mozilla/5.0 (Windows NT 6.1; WOW64) AppleWebKit/537.36 (KHTML, like Gecko) Chrome/40.0.2214.115 Safari/537.36"
111.93.181.226 - - [29/Sep/2016:10:35:31 -0400] "GET / HTTP/1.1" 500 9210 "-" "Mozilla/5.0 (Windows NT 10.0; WOW64) AppleWebKit/537.36 (KHTML, like Gecko) Chrome/53.0.2785.116 Safari/537.36"
111.93.181.226 - - [29/Sep/2016:10:35:31 -0400] "GET /favicon.ico HTTP/1.1" 404 514 "http://averagepriceforanapp.com/" "Mozilla/5.0 (Windows NT 10.0; WOW64) AppleWebKit/537.36 (KHTML, like Gecko) Chrome/53.0.2785.116 Safari/537.36"
122.163.13.192 - - [29/Sep/2016:10:36:10 -0400] "GET / HTTP/1.1" 500 9210 "-" "Mozilla/5.0 (Windows NT 10.0; WOW64) AppleWebKit/537.36 (KHTML, like Gecko) Chrome/53.0.2785.116 Safari/537.36"
122.163.13.192 - - [29/Sep/2016:10:36:11 -0400] "GET /favicon.ico HTTP/1.1" 404 514 "http://averagepriceforanapp.com/" "Mozilla/5.0 (Windows NT 10.0; WOW64) AppleWebKit/537.36 (KHTML, like Gecko) Chrome/53.0.2785.116 Safari/537.36"
122.163.13.192 - - [29/Sep/2016:10:41:34 -0400] "GET / HTTP/1.1" 500 9210 "-" "Mozilla/5.0 (Windows NT 10.0; WOW64) AppleWebKit/537.36 (KHTML, like Gecko) Chrome/53.0.2785.116 Safari/537.36"
111.93.181.226 - - [29/Sep/2016:10:42:30 -0400] "GET / HTTP/1.1" 500 9210 "-" "Mozilla/5.0 (Windows NT 10.0; WOW64) AppleWebKit/537.36 (KHTML, like Gecko) Chrome/53.0.2785.116 Safari/537.36"
40.77.167.11 - - [29/Sep/2016:12:34:48 -0400] "GET / HTTP/1.1" 500 9210 "-" "Mozilla/5.0 (compatible; bingbot/2.0; +http://www.bing.com/bingbot.htm)"
180.76.15.19 - - [29/Sep/2016:22:18:12 -0400] "GET /public/js/wow.min.js HTTP/1.1" 200 2015 "-" "Mozilla/5.0 (compatible; Baiduspider/2.0; +http://www.baidu.com/search/spider.html)"
157.55.39.15 - - [30/Sep/2016:00:06:24 -0400] "GET /robots.txt HTTP/1.1" 404 513 "-" "Mozilla/5.0 (compatible; bingbot/2.0; +http://www.bing.com/bingbot.htm)"
40.77.167.79 - - [30/Sep/2016:00:17:29 -0400] "GET / HTTP/1.1" 500 9210 "-" "Mozilla/5.0 (compatible; bingbot/2.0; +http://www.bing.com/bingbot.htm)"
183.87.236.53 - - [30/Sep/2016:00:47:23 -0400] "GET / HTTP/1.1" 500 9210 "-" "Mozilla/4.0 (compatible; MSIE 5.5; Windows NT 4.0)"
54.218.100.120 - - [30/Sep/2016:02:14:27 -0400] "GET /wp-login.php HTTP/1.1" 404 459 "-" "Mozilla/5.0 (Windows NT 6.1; WOW64; rv:40.0) Gecko/20100101 Firefox/40.1"
54.218.100.120 - - [30/Sep/2016:02:14:27 -0400] "GET /administrator/ HTTP/1.1" 404 461 "-" "Mozilla/5.0 (Windows NT 6.1; rv:31.0) Gecko/20100101 Firefox/31.0"
180.76.15.154 - - [30/Sep/2016:11:20:27 -0400] "GET /public/js/wow.min.js HTTP/1.1" 200 2015 "-" "Mozilla/5.0 (compatible; Baiduspider/2.0; +http://www.baidu.com/search/spider.html)"
40.77.167.79 - - [30/Sep/2016:12:24:41 -0400] "GET / HTTP/1.1" 500 9210 "-" "Mozilla/5.0 (compatible; bingbot/2.0; +http://www.bing.com/bingbot.htm)"
185.129.148.216 - - [30/Sep/2016:13:35:51 -0400] "HEAD / HTTP/1.1" 500 233 "-" "python-requests/2.7.0 CPython/2.7.10 Linux/3.2.0-4-amd64"
62.210.250.212 - - [01/Oct/2016:00:47:57 -0400] "GET /robots.txt HTTP/1.0" 404 476 "-" "Mozilla/5.0 (compatible; MJ12bot/v1.4.5; http://www.majestic12.co.uk/bot.php?+)"
62.210.250.212 - - [01/Oct/2016:00:48:04 -0400] "GET /typeofapp HTTP/1.0" 404 475 "-" "Mozilla/5.0 (compatible; MJ12bot/v1.4.5; http://www.majestic12.co.uk/bot.php?+)"
62.210.250.212 - - [01/Oct/2016:00:48:17 -0400] "GET /under-construction HTTP/1.0" 404 484 "-" "Mozilla/5.0 (compatible; MJ12bot/v1.4.5; http://www.majestic12.co.uk/bot.php?+)"
157.55.39.15 - - [01/Oct/2016:05:05:37 -0400] "GET /robots.txt HTTP/1.1" 404 513 "-" "Mozilla/5.0 (compatible; bingbot/2.0; +http://www.bing.com/bingbot.htm)"
91.121.44.159 - - [01/Oct/2016:07:33:46 -0400] "GET /?author=1 HTTP/1.1" 500 9210 "-" "Mozilla/5.0 (Windows NT 6.3; WOW64; rv:28.0) Gecko/20100101 Firefox/28.0"
40.77.167.79 - - [01/Oct/2016:09:20:26 -0400] "GET / HTTP/1.1" 500 9210 "-" "Mozilla/5.0 (compatible; bingbot/2.0; +http://www.bing.com/bingbot.htm)"
54.161.255.143 - - [01/Oct/2016:09:36:30 -0400] "GET /wp-login.php HTTP/1.1" 404 459 "-" "Mozilla/5.0 (Windows NT 6.1; WOW64; rv:40.0) Gecko/20100101 Firefox/40.1"
54.161.255.143 - - [01/Oct/2016:09:36:30 -0400] "GET /administrator/ HTTP/1.1" 404 461 "-" "Mozilla/5.0 (Windows NT 6.1; rv:31.0) Gecko/20100101 Firefox/31.0"
180.76.15.139 - - [01/Oct/2016:11:50:59 -0400] "GET / HTTP/1.1" 500 9210 "-" "Mozilla/5.0 (compatible; Baiduspider/2.0; +http://www.baidu.com/search/spider.html)"
202.46.55.13 - - [01/Oct/2016:12:24:28 -0400] "GET / HTTP/1.1" 500 9210 "-" "Mozilla/5.0 (Windows NT 10.0; WOW64) AppleWebKit/537.36 (KHTML, like Gecko) Chrome/45.0.2454.93 Safari/537.36"
104.193.88.244 - - [01/Oct/2016:12:57:58 -0400] "GET / HTTP/1.1" 500 9210 "-" "Mozilla/5.0 (Windows NT 10.0; WOW64) AppleWebKit/537.36 (KHTML, like Gecko) Chrome/45.0.2454.93 Safari/537.36"
157.55.39.93 - - [01/Oct/2016:16:31:48 -0400] "GET /robots.txt HTTP/1.1" 404 513 "-" "Mozilla/5.0 (compatible; bingbot/2.0; +http://www.bing.com/bingbot.htm)"
157.55.39.93 - - [01/Oct/2016:16:33:21 -0400] "GET / HTTP/1.1" 500 9210 "-" "Mozilla/5.0 (compatible; bingbot/2.0; +http://www.bing.com/bingbot.htm)"
180.76.15.162 - - [01/Oct/2016:16:33:56 -0400] "GET /robots.txt HTTP/1.1" 404 476 "-" "Mozilla/5.0 (Windows NT 5.1; rv:6.0.2) Gecko/20100101 Firefox/6.0.2"
207.241.231.148 - - [01/Oct/2016:21:27:36 -0400] "GET /robots.txt HTTP/1.0" 404 476 "-" "Mozilla/5.0 (compatible; archive.org_bot +http://www.archive.org/details/archive.org_bot)"
207.241.231.148 - - [01/Oct/2016:21:27:39 -0400] "GET / HTTP/1.0" 500 9169 "-" "Mozilla/5.0 (compatible; archive.org_bot +http://www.archive.org/details/archive.org_bot)"
136.243.152.18 - - [02/Oct/2016:04:06:40 -0400] "GET /robots.txt HTTP/1.0" 404 476 "-" "Mozilla/5.0 (compatible; MJ12bot/v1.4.5; http://www.majestic12.co.uk/bot.php?+)"
136.243.152.18 - - [02/Oct/2016:04:06:42 -0400] "GET / HTTP/1.0" 500 9169 "-" "Mozilla/5.0 (compatible; MJ12bot/v1.4.5; http://www.majestic12.co.uk/bot.php?+)"
157.55.39.93 - - [02/Oct/2016:04:14:34 -0400] "GET / HTTP/1.1" 500 9210 "-" "Mozilla/5.0 (compatible; bingbot/2.0; +http://www.bing.com/bingbot.htm)"
134.249.159.113 - - [02/Oct/2016:11:09:00 -0400] "GET / HTTP/1.1" 500 9210 "-" "-"
149.202.175.145 - - [02/Oct/2016:11:19:13 -0400] "GET /wp-login.php HTTP/1.1" 404 515 "-" "Mozilla/5.0 (Windows NT 6.0; WOW64) AppleWebKit/537.1 (KHTML, like Gecko) Chrome/23.0.1271.6 Safari/537.11"
149.202.175.145 - - [02/Oct/2016:11:19:14 -0400] "GET /administrator/ HTTP/1.1" 404 516 "-" "Mozilla/5.0 (Windows NT 6.0; WOW64) AppleWebKit/537.1 (KHTML, like Gecko) Chrome/23.0.1271.6 Safari/537.11"
149.202.175.145 - - [02/Oct/2016:11:20:18 -0400] "GET /admin.php HTTP/1.1" 404 512 "-" "Mozilla/5.0 (Windows NT 6.0; WOW64) AppleWebKit/537.1 (KHTML, like Gecko) Chrome/23.0.1271.6 Safari/537.11"
69.30.213.202 - - [02/Oct/2016:12:05:17 -0400] "GET /robots.txt HTTP/1.0" 404 513 "-" "Mozilla/5.0 (compatible; MJ12bot/v1.4.5; http://www.majestic12.co.uk/bot.php?+)"
69.30.213.202 - - [02/Oct/2016:12:05:18 -0400] "GET /typeofapp HTTP/1.0" 404 511 "-" "Mozilla/5.0 (compatible; MJ12bot/v1.4.5; http://www.majestic12.co.uk/bot.php?+)"
69.30.213.202 - - [02/Oct/2016:12:05:20 -0400] "GET /under-construction HTTP/1.0" 404 484 "-" "Mozilla/5.0 (compatible; MJ12bot/v1.4.5; http://www.majestic12.co.uk/bot.php?+)"
157.55.39.93 - - [02/Oct/2016:15:52:09 -0400] "GET /robots.txt HTTP/1.1" 404 513 "-" "Mozilla/5.0 (compatible; bingbot/2.0; +http://www.bing.com/bingbot.htm)"
54.196.242.136 - - [02/Oct/2016:17:18:39 -0400] "GET /wp-login.php HTTP/1.1" 404 459 "-" "Mozilla/5.0 (Windows NT 6.1; WOW64; rv:40.0) Gecko/20100101 Firefox/40.1"
54.196.242.136 - - [02/Oct/2016:17:18:39 -0400] "GET /administrator/ HTTP/1.1" 404 461 "-" "Mozilla/5.0 (Windows NT 6.1; rv:31.0) Gecko/20100101 Firefox/31.0"
66.249.75.131 - - [02/Oct/2016:18:26:00 -0400] "GET /robots.txt HTTP/1.1" 404 513 "-" "Mozilla/5.0 (compatible; Googlebot/2.1; +http://www.google.com/bot.html)"
66.249.75.135 - - [02/Oct/2016:18:26:00 -0400] "GET / HTTP/1.1" 500 9210 "-" "Mozilla/5.0 (compatible; Googlebot/2.1; +http://www.google.com/bot.html)"
66.249.75.135 - - [02/Oct/2016:18:30:11 -0400] "GET / HTTP/1.1" 500 9210 "-" "Mozilla/5.0 (compatible; Googlebot/2.1; +http://www.google.com/bot.html)"
183.87.236.122 - - [02/Oct/2016:19:28:12 -0400] "GET / HTTP/1.1" 500 9210 "-" "Mozilla/4.0 (compatible; MSIE 5.5; Windows NT 4.0)"
66.249.75.135 - - [03/Oct/2016:00:56:30 -0400] "GET / HTTP/1.1" 500 9210 "-" "Mozilla/5.0 (compatible; Googlebot/2.1; +http://www.google.com/bot.html)"
157.55.39.93 - - [03/Oct/2016:03:55:25 -0400] "GET /robots.txt HTTP/1.1" 404 513 "-" "Mozilla/5.0 (compatible; bingbot/2.0; +http://www.bing.com/bingbot.htm)"
66.249.75.139 - - [03/Oct/2016:07:06:07 -0400] "GET /robots.txt HTTP/1.1" 404 513 "-" "Mozilla/5.0 (compatible; Googlebot/2.1; +http://www.google.com/bot.html)"
66.249.75.135 - - [03/Oct/2016:07:06:07 -0400] "GET / HTTP/1.1" 500 9210 "-" "Mozilla/5.0 (compatible; Googlebot/2.1; +http://www.google.com/bot.html)"
66.249.75.131 - - [03/Oct/2016:07:06:29 -0400] "GET / HTTP/1.1" 500 9210 "-" "Mozilla/5.0 (compatible; Googlebot/2.1; +http://www.google.com/bot.html)"
66.249.66.105 - - [03/Oct/2016:13:18:02 -0400] "GET / HTTP/1.1" 500 9210 "-" "Mozilla/5.0 (compatible; Googlebot/2.1; +http://www.google.com/bot.html)"
66.249.66.107 - - [03/Oct/2016:14:01:53 -0400] "GET / HTTP/1.1" 500 9210 "-" "Mozilla/5.0 (compatible; Googlebot/2.1; +http://www.google.com/bot.html)"
94.154.239.69 - - [03/Oct/2016:14:09:41 -0400] "GET /robots.txt HTTP/1.0" 404 513 "-" "Mozilla/5.0 (compatible; MJ12bot/v1.4.5; http://www.majestic12.co.uk/bot.php?+)"
94.154.239.69 - - [03/Oct/2016:14:09:43 -0400] "GET / HTTP/1.1" 500 9210 "-" "Mozilla/5.0 (compatible; MJ12bot/v1.4.5; http://www.majestic12.co.uk/bot.php?+)"
157.55.39.93 - - [03/Oct/2016:15:36:05 -0400] "GET / HTTP/1.1" 500 9210 "-" "Mozilla/5.0 (compatible; bingbot/2.0; +http://www.bing.com/bingbot.htm)"
207.46.13.129 - - [03/Oct/2016:16:06:33 -0400] "GET / HTTP/1.1" 500 9210 "-" "Mozilla/5.0 (iPhone; CPU iPhone OS 7_0 like Mac OS X) AppleWebKit/537.51.1 (KHTML, like Gecko) Version/7.0 Mobile/11A465 Safari/9537.53 (compatible; bingbot/2.0; +http://www.bing.com/bingbot.htm)"
180.76.15.155 - - [03/Oct/2016:17:36:36 -0400] "GET / HTTP/1.1" 500 9210 "-" "Mozilla/5.0 (compatible; Baiduspider/2.0; +http://www.baidu.com/search/spider.html)"
202.46.56.116 - - [03/Oct/2016:18:10:06 -0400] "GET / HTTP/1.1" 500 9210 "-" "Mozilla/5.0 (Windows NT 10.0; WOW64) AppleWebKit/537.36 (KHTML, like Gecko) Chrome/45.0.2454.93 Safari/537.36"
104.193.88.244 - - [03/Oct/2016:18:43:35 -0400] "GET / HTTP/1.1" 500 9210 "-" "Mozilla/5.0 (Windows NT 10.0; WOW64) AppleWebKit/537.36 (KHTML, like Gecko) Chrome/45.0.2454.93 Safari/537.36"
66.249.66.109 - - [03/Oct/2016:19:24:00 -0400] "GET /robots.txt HTTP/1.1" 404 513 "-" "Mozilla/5.0 (compatible; Googlebot/2.1; +http://www.google.com/bot.html)"
66.249.66.107 - - [03/Oct/2016:19:24:00 -0400] "GET / HTTP/1.1" 500 9210 "-" "Mozilla/5.0 (compatible; Googlebot/2.1; +http://www.google.com/bot.html)"
66.249.66.107 - - [03/Oct/2016:21:13:53 -0400] "GET / HTTP/1.1" 500 9210 "-" "Mozilla/5.0 (compatible; Googlebot/2.1; +http://www.google.com/bot.html)"
91.121.211.59 - - [04/Oct/2016:01:47:21 -0400] "GET /robots.txt HTTP/1.0" 404 476 "-" "Mozilla/5.0 (compatible; MJ12bot/v1.4.5; http://www.majestic12.co.uk/bot.php?+)"
91.121.211.59 - - [04/Oct/2016:01:47:23 -0400] "GET /typeofapp HTTP/1.0" 404 475 "-" "Mozilla/5.0 (compatible; MJ12bot/v1.4.5; http://www.majestic12.co.uk/bot.php?+)"
91.121.211.59 - - [04/Oct/2016:01:47:25 -0400] "GET /under-construction HTTP/1.0" 404 484 "-" "Mozilla/5.0 (compatible; MJ12bot/v1.4.5; http://www.majestic12.co.uk/bot.php?+)"
207.46.13.129 - - [04/Oct/2016:02:49:14 -0400] "GET /robots.txt HTTP/1.1" 404 513 "-" "Mozilla/5.0 (compatible; bingbot/2.0; +http://www.bing.com/bingbot.htm)"
207.46.13.129 - - [04/Oct/2016:02:50:12 -0400] "GET / HTTP/1.1" 500 9210 "-" "Mozilla/5.0 (compatible; bingbot/2.0; +http://www.bing.com/bingbot.htm)"
66.249.66.105 - - [04/Oct/2016:04:49:44 -0400] "GET / HTTP/1.1" 500 9210 "-" "Mozilla/5.0 (compatible; Googlebot/2.1; +http://www.google.com/bot.html)"
207.46.13.129 - - [04/Oct/2016:06:57:37 -0400] "GET / HTTP/1.1" 500 9210 "-" "Mozilla/5.0 (compatible; bingbot/2.0; +http://www.bing.com/bingbot.htm)"
220.181.51.103 - - [04/Oct/2016:11:22:07 -0400] "GET /robots.txt HTTP/1.1" 404 476 "-" "Mozilla/5.0 (Windows NT 10.0; WOW64) AppleWebKit/537.36 (KHTML, like Gecko) Chrome/45.0.2454.93 Safari/537.36"
207.46.13.129 - - [04/Oct/2016:14:20:08 -0400] "GET / HTTP/1.1" 500 9210 "-" "Mozilla/5.0 (compatible; bingbot/2.0; +http://www.bing.com/bingbot.htm)"
107.22.15.153 - - [04/Oct/2016:18:37:04 -0400] "GET / HTTP/1.1" 500 9210 "-" "Mozilla/5.0 (Windows; U; Windows NT 6.0; en-US; rv:1.9.2.3) Gecko/20100401 Firefox/3.6.3 GTB6 (.NET CLR 3.5.30729)"
66.249.79.76 - - [04/Oct/2016:20:38:16 -0400] "GET /robots.txt HTTP/1.1" 404 513 "-" "Mozilla/5.0 (compatible; Googlebot/2.1; +http://www.google.com/bot.html)"
66.249.79.76 - - [04/Oct/2016:20:38:16 -0400] "GET / HTTP/1.1" 500 9210 "-" "Mozilla/5.0 (compatible; Googlebot/2.1; +http://www.google.com/bot.html)"
66.249.79.25 - - [04/Oct/2016:21:44:16 -0400] "GET /robots.txt HTTP/1.1" 404 517 "-" "Mozilla/5.0 (compatible; Googlebot/2.1; +http://www.google.com/bot.html)"
66.249.79.25 - - [04/Oct/2016:21:44:16 -0400] "GET / HTTP/1.1" 500 9210 "-" "Mozilla/5.0 (compatible; Googlebot/2.1; +http://www.google.com/bot.html)"
66.249.79.23 - - [04/Oct/2016:21:44:19 -0400] "GET /public/css/bootstrap.min.css HTTP/1.1" 200 20090 "http://www.averagepriceforanapp.com/" "Mozilla/5.0 (compatible; Googlebot/2.1; +http://www.google.com/bot.html)"
66.249.79.24 - - [04/Oct/2016:21:44:19 -0400] "GET /public/css/animate.css HTTP/1.1" 200 4768 "http://www.averagepriceforanapp.com/" "Mozilla/5.0 (compatible; Googlebot/2.1; +http://www.google.com/bot.html)"
66.249.79.23 - - [04/Oct/2016:21:44:19 -0400] "GET /public/css/mystyle.css HTTP/1.1" 200 2602 "http://www.averagepriceforanapp.com/" "Mozilla/5.0 (compatible; Googlebot/2.1; +http://www.google.com/bot.html)"
207.46.13.129 - - [05/Oct/2016:02:08:13 -0400] "GET / HTTP/1.1" 500 9210 "-" "Mozilla/5.0 (compatible; bingbot/2.0; +http://www.bing.com/bingbot.htm)"
66.249.79.66 - - [05/Oct/2016:05:16:54 -0400] "GET / HTTP/1.1" 500 9210 "-" "Mozilla/5.0 (compatible; Googlebot/2.1; +http://www.google.com/bot.html)"
180.76.15.145 - - [05/Oct/2016:06:28:58 -0400] "GET / HTTP/1.1" 500 9210 "-" "Mozilla/5.0 (compatible; Baiduspider/2.0; +http://www.baidu.com/search/spider.html)"
202.46.52.16 - - [05/Oct/2016:07:02:28 -0400] "GET / HTTP/1.1" 500 9210 "-" "Mozilla/5.0 (Windows NT 10.0; WOW64) AppleWebKit/537.36 (KHTML, like Gecko) Chrome/45.0.2454.93 Safari/537.36"
104.193.88.245 - - [05/Oct/2016:07:35:57 -0400] "GET / HTTP/1.1" 500 9210 "-" "Mozilla/5.0 (Windows NT 10.0; WOW64) AppleWebKit/537.36 (KHTML, like Gecko) Chrome/45.0.2454.93 Safari/537.36"
66.249.64.66 - - [05/Oct/2016:11:36:05 -0400] "GET /robots.txt HTTP/1.1" 404 513 "-" "Mozilla/5.0 (compatible; Googlebot/2.1; +http://www.google.com/bot.html)"
66.249.64.66 - - [05/Oct/2016:11:36:05 -0400] "GET / HTTP/1.1" 500 9210 "-" "Mozilla/5.0 (compatible; Googlebot/2.1; +http://www.google.com/bot.html)"
207.46.13.129 - - [05/Oct/2016:13:43:43 -0400] "GET /robots.txt HTTP/1.1" 404 513 "-" "Mozilla/5.0 (compatible; bingbot/2.0; +http://www.bing.com/bingbot.htm)"
207.46.13.129 - - [05/Oct/2016:13:43:43 -0400] "GET /robots.txt HTTP/1.1" 404 513 "-" "Mozilla/5.0 (compatible; bingbot/2.0; +http://www.bing.com/bingbot.htm)"
207.46.13.129 - - [05/Oct/2016:14:21:38 -0400] "GET / HTTP/1.1" 500 9210 "-" "Mozilla/5.0 (compatible; bingbot/2.0; +http://www.bing.com/bingbot.htm)"
220.181.51.55 - - [05/Oct/2016:16:31:24 -0400] "GET / HTTP/1.1" 500 9210 "-" "curl/7.22.0 (x86_64-pc-linux-gnu) libcurl/7.22.0 OpenSSL/1.0.1 zlib/1.2.3.4 libidn/1.23 librtmp/2.3"
66.249.64.71 - - [05/Oct/2016:17:35:23 -0400] "GET / HTTP/1.1" 500 9210 "-" "Mozilla/5.0 (compatible; Googlebot/2.1; +http://www.google.com/bot.html)"
66.249.64.66 - - [05/Oct/2016:23:41:28 -0400] "GET / HTTP/1.1" 500 9210 "-" "Mozilla/5.0 (compatible; Googlebot/2.1; +http://www.google.com/bot.html)"
66.249.64.71 - - [05/Oct/2016:23:41:28 -0400] "GET /robots.txt HTTP/1.1" 404 513 "-" "Mozilla/5.0 (compatible; Googlebot/2.1; +http://www.google.com/bot.html)"
66.249.64.151 - - [05/Oct/2016:23:51:28 -0400] "GET /robots.txt HTTP/1.1" 404 517 "-" "Mozilla/5.0 (compatible; Googlebot/2.1; +http://www.google.com/bot.html)"
66.249.64.145 - - [05/Oct/2016:23:51:28 -0400] "GET / HTTP/1.1" 500 9210 "-" "Mozilla/5.0 (compatible; Googlebot/2.1; +http://www.google.com/bot.html)"
207.46.13.129 - - [06/Oct/2016:01:21:07 -0400] "GET / HTTP/1.1" 500 9210 "-" "Mozilla/5.0 (compatible; bingbot/2.0; +http://www.bing.com/bingbot.htm)"
117.244.30.136 - - [06/Oct/2016:04:19:01 -0400] "GET /averagepriceforanapp.com.zip HTTP/1.1" 404 531 "-" "Mozilla/4.0 (compatible; MSIE 6.0; Windows NT 5.1; SV1)"
66.249.64.71 - - [06/Oct/2016:10:56:19 -0400] "GET / HTTP/1.1" 500 9210 "-" "Mozilla/5.0 (compatible; Googlebot/2.1; +http://www.google.com/bot.html)"
207.46.13.129 - - [06/Oct/2016:13:36:22 -0400] "GET /robots.txt HTTP/1.1" 404 513 "-" "Mozilla/5.0 (compatible; bingbot/2.0; +http://www.bing.com/bingbot.htm)"
207.46.13.129 - - [06/Oct/2016:13:38:07 -0400] "GET / HTTP/1.1" 500 9210 "-" "Mozilla/5.0 (compatible; bingbot/2.0; +http://www.bing.com/bingbot.htm)"
195.242.80.108 - - [06/Oct/2016:14:05:15 -0400] "GET /?author=1 HTTP/1.1" 500 9210 "http://ya.ru/?q=http%3A%2F%2Faveragepriceforanapp.com%2F%3Fauthor%3D1" "Mozilla/5.0 (iPad; CPU OS 5_1_1 like Mac OS X) AppleWebKit/534.46 (KHTML, like Gecko) Mobile/9B206"
195.242.80.108 - - [06/Oct/2016:14:05:15 -0400] "GET /wp-login.php HTTP/1.1" 404 478 "http://averagepriceforanapp.com/licence.php" "Mozilla/4.0 (compatible; MSIE 5.5; Windows 98)"
211.182.90.249 - - [06/Oct/2016:15:51:54 -0400] "GET /backup.zip HTTP/1.1" 404 513 "-" "Mozilla/4.0 (compatible; MSIE 6.0; Windows NT 5.1; SV1)"
66.249.64.76 - - [06/Oct/2016:17:04:21 -0400] "GET /robots.txt HTTP/1.1" 404 513 "-" "Mozilla/5.0 (compatible; Googlebot/2.1; +http://www.google.com/bot.html)"
66.249.64.66 - - [06/Oct/2016:17:04:21 -0400] "GET / HTTP/1.1" 500 9210 "-" "Mozilla/5.0 (compatible; Googlebot/2.1; +http://www.google.com/bot.html)"
104.156.231.254 - - [06/Oct/2016:17:45:43 -0400] "GET / HTTP/1.1" 500 9210 "-" "Mozilla/5.0 (Windows NT 6.1; WOW64) AppleWebKit/537.36 (KHTML, like Gecko) Chrome/40.0.2214.115 Safari/537.36"
66.249.64.66 - - [06/Oct/2016:19:24:00 -0400] "GET / HTTP/1.1" 500 9210 "-" "Mozilla/5.0 (compatible; Googlebot/2.1; +http://www.google.com/bot.html)"
207.46.13.129 - - [07/Oct/2016:01:23:39 -0400] "GET / HTTP/1.1" 500 9210 "-" "Mozilla/5.0 (compatible; bingbot/2.0; +http://www.bing.com/bingbot.htm)"
191.96.251.100 - - [07/Oct/2016:01:47:25 -0400] "GET / HTTP/1.1" 500 9210 "-" "Mozilla/5.0 (X11; Linux x86_64) AppleWebKit/537.36 (KHTML, like Gecko) Chrome/28.0.1500.71 Safari/537.36"
45.35.63.194 - - [07/Oct/2016:04:55:24 -0400] "GET / HTTP/1.1" 500 9210 "-" "Mozilla/5.0 (Macintosh; Intel Mac OS X 10.11; rv:47.0) Gecko/20100101 Firefox/47.0"
104.200.154.14 - - [07/Oct/2016:07:19:45 -0400] "GET /wp-login.php HTTP/1.1" 404 459 "-" "Mozilla/5.0 (Windows NT 6.1; WOW64) AppleWebKit/537.36 (KHTML, like Gecko) Chrome/36.0.1985.125 Safari/537.36"
104.200.154.14 - - [07/Oct/2016:07:19:46 -0400] "GET /administrator/index.php HTTP/1.1" 404 470 "-" "Mozilla/5.0 (Windows NT 6.1; WOW64) AppleWebKit/537.36 (KHTML, like Gecko) Chrome/36.0.1985.125 Safari/537.36"
104.200.154.14 - - [07/Oct/2016:07:19:46 -0400] "GET /user/ HTTP/1.1" 404 452 "-" "Mozilla/5.0 (Windows NT 6.1; WOW64) AppleWebKit/537.36 (KHTML, like Gecko) Chrome/36.0.1985.125 Safari/537.36"
104.200.154.14 - - [07/Oct/2016:07:19:46 -0400] "GET /admin/index.php HTTP/1.1" 404 462 "-" "Mozilla/5.0 (Windows NT 6.1; WOW64) AppleWebKit/537.36 (KHTML, like Gecko) Chrome/36.0.1985.125 Safari/537.36"
104.200.154.14 - - [07/Oct/2016:07:19:46 -0400] "GET /admin.php HTTP/1.1" 404 456 "-" "Mozilla/5.0 (Windows NT 6.1; WOW64) AppleWebKit/537.36 (KHTML, like Gecko) Chrome/36.0.1985.125 Safari/537.36"
104.200.154.14 - - [07/Oct/2016:07:19:46 -0400] "GET /admin.php?/cp/login&return= HTTP/1.1" 404 512 "-" "Mozilla/5.0 (Windows NT 6.1; WOW64) AppleWebKit/537.36 (KHTML, like Gecko) Chrome/36.0.1985.125 Safari/537.36"
104.200.154.14 - - [07/Oct/2016:07:19:47 -0400] "GET /manager/ HTTP/1.1" 404 511 "-" "Mozilla/5.0 (Windows NT 6.1; WOW64) AppleWebKit/537.36 (KHTML, like Gecko) Chrome/36.0.1985.125 Safari/537.36"
104.200.154.14 - - [07/Oct/2016:07:19:47 -0400] "GET /admin.php HTTP/1.1" 404 456 "-" "Mozilla/5.0 (Windows NT 6.1; WOW64) AppleWebKit/537.36 (KHTML, like Gecko) Chrome/36.0.1985.125 Safari/537.36"
104.200.154.14 - - [07/Oct/2016:07:19:47 -0400] "GET /typo3/ HTTP/1.1" 404 453 "-" "Mozilla/5.0 (Windows NT 6.1; WOW64) AppleWebKit/537.36 (KHTML, like Gecko) Chrome/36.0.1985.125 Safari/537.36"
104.200.154.14 - - [07/Oct/2016:07:19:47 -0400] "GET /index.php/admin HTTP/1.1" 404 4709 "-" "Mozilla/5.0 (Windows NT 6.1; WOW64) AppleWebKit/537.36 (KHTML, like Gecko) Chrome/36.0.1985.125 Safari/537.36"
66.249.64.76 - - [07/Oct/2016:08:08:00 -0400] "GET /robots.txt HTTP/1.1" 404 513 "-" "Mozilla/5.0 (compatible; Googlebot/2.1; +http://www.google.com/bot.html)"
66.249.64.66 - - [07/Oct/2016:08:08:00 -0400] "GET / HTTP/1.1" 500 9210 "-" "Mozilla/5.0 (compatible; Googlebot/2.1; +http://www.google.com/bot.html)"
66.249.64.71 - - [07/Oct/2016:13:22:36 -0400] "GET / HTTP/1.1" 500 9210 "-" "Mozilla/5.0 (compatible; Googlebot/2.1; +http://www.google.com/bot.html)"
207.46.13.129 - - [07/Oct/2016:13:33:26 -0400] "GET /robots.txt HTTP/1.1" 404 513 "-" "Mozilla/5.0 (compatible; bingbot/2.0; +http://www.bing.com/bingbot.htm)"
207.46.13.129 - - [07/Oct/2016:13:33:27 -0400] "GET /robots.txt HTTP/1.1" 404 513 "-" "Mozilla/5.0 (compatible; bingbot/2.0; +http://www.bing.com/bingbot.htm)"
207.46.13.129 - - [07/Oct/2016:13:48:56 -0400] "GET / HTTP/1.1" 500 9210 "-" "Mozilla/5.0 (compatible; bingbot/2.0; +http://www.bing.com/bingbot.htm)"
66.249.64.66 - - [07/Oct/2016:15:03:03 -0400] "GET / HTTP/1.1" 500 9210 "-" "Mozilla/5.0 (compatible; Googlebot/2.1; +http://www.google.com/bot.html)"
180.76.15.32 - - [07/Oct/2016:16:12:47 -0400] "GET /robots.txt HTTP/1.1" 404 476 "-" "Mozilla/5.0 (Windows NT 5.1; rv:6.0.2) Gecko/20100101 Firefox/6.0.2"
207.46.13.129 - - [07/Oct/2016:19:40:48 -0400] "GET /robots.txt HTTP/1.1" 404 513 "-" "Mozilla/5.0 (compatible; bingbot/2.0; +http://www.bing.com/bingbot.htm)"
207.46.13.129 - - [07/Oct/2016:20:18:46 -0400] "GET /robots.txt HTTP/1.1" 404 513 "-" "Mozilla/5.0 (compatible; bingbot/2.0; +http://www.bing.com/bingbot.htm)"
207.46.13.129 - - [08/Oct/2016:02:30:23 -0400] "GET /robots.txt HTTP/1.1" 404 513 "-" "Mozilla/5.0 (compatible; bingbot/2.0; +http://www.bing.com/bingbot.htm)"
207.46.13.129 - - [08/Oct/2016:02:30:33 -0400] "GET / HTTP/1.1" 500 9210 "-" "Mozilla/5.0 (compatible; bingbot/2.0; +http://www.bing.com/bingbot.htm)"
66.249.64.76 - - [08/Oct/2016:05:01:21 -0400] "GET /robots.txt HTTP/1.1" 404 513 "-" "Mozilla/5.0 (compatible; Googlebot/2.1; +http://www.google.com/bot.html)"
66.249.64.66 - - [08/Oct/2016:05:01:21 -0400] "GET / HTTP/1.1" 500 9210 "-" "Mozilla/5.0 (compatible; Googlebot/2.1; +http://www.google.com/bot.html)"
149.202.175.145 - - [08/Oct/2016:05:18:11 -0400] "GET /wp-login.php HTTP/1.1" 404 515 "-" "Mozilla/5.0 (Windows NT 6.1; WOW64) AppleWebKit/537.1 (KHTML, like Gecko) Chrome/24.0.1290.1 Safari/537.13"
149.202.175.145 - - [08/Oct/2016:05:19:35 -0400] "GET /administrator/ HTTP/1.1" 404 517 "-" "Mozilla/5.0 (Windows NT 6.1; WOW64) AppleWebKit/537.1 (KHTML, like Gecko) Chrome/24.0.1290.1 Safari/537.13"
149.202.175.145 - - [08/Oct/2016:05:19:35 -0400] "GET /admin.php HTTP/1.1" 404 511 "-" "Mozilla/5.0 (Windows NT 6.1; WOW64) AppleWebKit/537.1 (KHTML, like Gecko) Chrome/24.0.1290.1 Safari/537.13"
66.249.64.145 - - [08/Oct/2016:06:27:32 -0400] "GET /robots.txt HTTP/1.1" 404 517 "-" "Mozilla/5.0 (compatible; Googlebot/2.1; +http://www.google.com/bot.html)"
66.249.64.145 - - [08/Oct/2016:06:27:32 -0400] "GET / HTTP/1.1" 500 9210 "-" "Mozilla/5.0 (compatible; Googlebot/2.1; +http://www.google.com/bot.html)"
66.249.64.145 - - [08/Oct/2016:06:27:33 -0400] "GET / HTTP/1.1" 500 9210 "-" "Mozilla/5.0 (compatible; Googlebot/2.1; +http://www.google.com/bot.html)"
66.249.64.148 - - [08/Oct/2016:06:27:33 -0400] "GET /public/css/mystyle.css HTTP/1.1" 200 2603 "http://www.averagepriceforanapp.com/" "Mozilla/5.0 (compatible; Googlebot/2.1; +http://www.google.com/bot.html)"
66.249.64.145 - - [08/Oct/2016:06:27:34 -0400] "GET /public/css/bootstrap.min.css HTTP/1.1" 200 20090 "http://www.averagepriceforanapp.com/" "Mozilla/5.0 (compatible; Googlebot/2.1; +http://www.google.com/bot.html)"
66.249.64.151 - - [08/Oct/2016:06:27:34 -0400] "GET /public/css/animate.css HTTP/1.1" 200 4768 "http://www.averagepriceforanapp.com/" "Mozilla/5.0 (compatible; Googlebot/2.1; +http://www.google.com/bot.html)"
157.55.39.5 - - [08/Oct/2016:07:16:34 -0400] "GET / HTTP/1.1" 500 9210 "-" "Mozilla/5.0 (compatible; bingbot/2.0; +http://www.bing.com/bingbot.htm)"
213.22.250.173 - - [08/Oct/2016:08:15:25 -0400] "GET / HTTP/1.1" 500 9210 "-" "Mozilla/5.0 (Macintosh; Intel Mac OS X 10_7_2) AppleWebKit/535.24 (KHTML, like Gecko) Chrome/19.0.1055.1 Safari/535.24"
66.249.64.76 - - [08/Oct/2016:15:27:51 -0400] "GET / HTTP/1.1" 500 9210 "-" "Mozilla/5.0 (compatible; Googlebot/2.1; +http://www.google.com/bot.html)"
220.181.108.175 - - [08/Oct/2016:19:04:36 -0400] "GET / HTTP/1.1" 500 9210 "-" "Mozilla/5.0 (compatible; Baiduspider/2.0; +http://www.baidu.com/search/spider.html)"
157.55.39.5 - - [08/Oct/2016:19:15:28 -0400] "GET /robots.txt HTTP/1.1" 404 513 "-" "Mozilla/5.0 (compatible; bingbot/2.0; +http://www.bing.com/bingbot.htm)"
157.55.39.5 - - [08/Oct/2016:19:29:24 -0400] "GET / HTTP/1.1" 500 9210 "-" "Mozilla/5.0 (compatible; bingbot/2.0; +http://www.bing.com/bingbot.htm)"
104.197.108.67 - - [08/Oct/2016:21:09:17 -0400] "GET / HTTP/1.1" 500 9210 "-" "Mozilla/5.0 (Windows NT 6.3; WOW64; rv:47.0) Gecko/20100101 Firefox/47.0"
66.249.64.71 - - [08/Oct/2016:22:08:36 -0400] "GET /robots.txt HTTP/1.1" 404 513 "-" "Mozilla/5.0 (compatible; Googlebot/2.1; +http://www.google.com/bot.html)"
66.249.64.66 - - [08/Oct/2016:22:08:36 -0400] "GET / HTTP/1.1" 500 9210 "-" "Mozilla/5.0 (compatible; Googlebot/2.1; +http://www.google.com/bot.html)"
66.249.64.71 - - [09/Oct/2016:04:13:17 -0400] "GET / HTTP/1.1" 500 9210 "-" "Mozilla/5.0 (compatible; Googlebot/2.1; +http://www.google.com/bot.html)"
157.55.39.5 - - [09/Oct/2016:07:15:00 -0400] "GET /robots.txt HTTP/1.1" 404 513 "-" "Mozilla/5.0 (compatible; bingbot/2.0; +http://www.bing.com/bingbot.htm)"
91.210.147.178 - - [09/Oct/2016:09:31:33 -0400] "GET / HTTP/1.1" 500 9210 "http://averagepriceforanapp.com" "Mozilla/5.0 (Windows NT 6.1; WOW64) AppleWebKit/537.36 (KHTML, like Gecko) Chrome/31.0.1650.57 Safari/537.36"
91.210.147.178 - - [09/Oct/2016:09:31:45 -0400] "GET /blog/ HTTP/1.1" 404 508 "http://averagepriceforanapp.com/blog/" "Mozilla/5.0 (Windows NT 6.1; WOW64) AppleWebKit/537.36 (KHTML, like Gecko) Chrome/31.0.1650.57 Safari/537.36"
66.249.64.76 - - [09/Oct/2016:14:21:55 -0400] "GET /robots.txt HTTP/1.1" 404 513 "-" "Mozilla/5.0 (compatible; Googlebot/2.1; +http://www.google.com/bot.html)"
66.249.64.76 - - [09/Oct/2016:14:21:55 -0400] "GET / HTTP/1.1" 500 9210 "-" "Mozilla/5.0 (compatible; Googlebot/2.1; +http://www.google.com/bot.html)"
157.55.39.5 - - [09/Oct/2016:14:36:36 -0400] "GET / HTTP/1.1" 500 9210 "-" "Mozilla/5.0 (compatible; bingbot/2.0; +http://www.bing.com/bingbot.htm)"
157.55.39.151 - - [09/Oct/2016:18:45:21 -0400] "GET /robots.txt HTTP/1.1" 404 513 "-" "Mozilla/5.0 (compatible; bingbot/2.0; +http://www.bing.com/bingbot.htm)"
157.55.39.151 - - [09/Oct/2016:19:28:10 -0400] "GET /robots.txt HTTP/1.1" 404 513 "-" "Mozilla/5.0 (compatible; bingbot/2.0; +http://www.bing.com/bingbot.htm)"
157.55.39.151 - - [09/Oct/2016:19:47:30 -0400] "GET / HTTP/1.1" 500 9210 "-" "Mozilla/5.0 (compatible; bingbot/2.0; +http://www.bing.com/bingbot.htm)"
157.55.39.151 - - [10/Oct/2016:02:23:38 -0400] "GET / HTTP/1.1" 500 9210 "-" "Mozilla/5.0 (compatible; bingbot/2.0; +http://www.bing.com/bingbot.htm)"
157.55.39.151 - - [10/Oct/2016:03:54:38 -0400] "GET / HTTP/1.1" 500 9210 "-" "Mozilla/5.0 (compatible; bingbot/2.0; +http://www.bing.com/bingbot.htm)"
178.32.203.32 - - [10/Oct/2016:09:55:51 -0400] "GET /?author=1 HTTP/1.1" 500 9210 "-" "Mozilla/5.0 (Windows NT 6.3; WOW64; rv:28.0) Gecko/20100101 Firefox/28.0"
66.249.64.76 - - [10/Oct/2016:12:06:42 -0400] "GET /robots.txt HTTP/1.1" 404 513 "-" "Mozilla/5.0 (compatible; Googlebot/2.1; +http://www.google.com/bot.html)"
66.249.64.76 - - [10/Oct/2016:12:06:42 -0400] "GET / HTTP/1.1" 500 9210 "-" "Mozilla/5.0 (compatible; Googlebot/2.1; +http://www.google.com/bot.html)"
178.151.142.134 - - [10/Oct/2016:13:05:57 -0400] "GET /administrator/ HTTP/1.1" 404 461 "-" "Mozilla/5.0 (Windows NT 6.0; rv:34.0) Gecko/20100101 Firefox/34.0"
178.151.142.134 - - [10/Oct/2016:13:05:57 -0400] "GET /administrator/index.php HTTP/1.1" 404 470 "http://averagepriceforanapp.com/administrator/" "Mozilla/5.0 (Windows NT 6.0; rv:34.0) Gecko/20100101 Firefox/34.0"
178.151.142.134 - - [10/Oct/2016:13:10:41 -0400] "GET /wp-login.php HTTP/1.1" 404 459 "-" "Mozilla/5.0 (Windows NT 6.0; rv:34.0) Gecko/20100101 Firefox/34.0"
178.151.142.134 - - [10/Oct/2016:13:10:42 -0400] "GET /wp-admin/ HTTP/1.1" 404 456 "http://averagepriceforanapp.com/wp-login.php" "Mozilla/5.0 (Windows NT 6.0; rv:34.0) Gecko/20100101 Firefox/34.0"
178.151.142.134 - - [10/Oct/2016:13:17:21 -0400] "GET /admin.php HTTP/1.1" 404 456 "-" "Mozilla/5.0 (Windows NT 6.0; rv:34.0) Gecko/20100101 Firefox/34.0"
178.151.142.134 - - [10/Oct/2016:13:18:18 -0400] "GET /admin HTTP/1.1" 404 452 "-" "Mozilla/5.0 (Windows NT 6.0; rv:34.0) Gecko/20100101 Firefox/34.0"
186.213.13.244 - - [10/Oct/2016:13:22:19 -0400] "GET /administrator/ HTTP/1.1" 404 461 "-" "Mozilla/5.0 (Windows NT 6.0; rv:34.0) Gecko/20100101 Firefox/34.0"
186.213.13.244 - - [10/Oct/2016:13:22:19 -0400] "GET /administrator/index.php HTTP/1.1" 404 470 "http://averagepriceforanapp.com/administrator/" "Mozilla/5.0 (Windows NT 6.0; rv:34.0) Gecko/20100101 Firefox/34.0"
186.213.13.244 - - [10/Oct/2016:13:35:21 -0400] "GET /wp-login.php HTTP/1.1" 404 459 "-" "Mozilla/5.0 (Windows NT 6.0; rv:34.0) Gecko/20100101 Firefox/34.0"
186.213.13.244 - - [10/Oct/2016:13:35:22 -0400] "GET /wp-admin/ HTTP/1.1" 404 456 "http://averagepriceforanapp.com/wp-login.php" "Mozilla/5.0 (Windows NT 6.0; rv:34.0) Gecko/20100101 Firefox/34.0"
186.213.13.244 - - [10/Oct/2016:13:38:03 -0400] "GET /admin.php HTTP/1.1" 404 456 "-" "Mozilla/5.0 (Windows NT 6.0; rv:34.0) Gecko/20100101 Firefox/34.0"
186.213.13.244 - - [10/Oct/2016:13:38:56 -0400] "GET /admin HTTP/1.1" 404 452 "-" "Mozilla/5.0 (Windows NT 6.0; rv:34.0) Gecko/20100101 Firefox/34.0"
94.25.170.246 - - [10/Oct/2016:13:44:22 -0400] "GET /administrator/ HTTP/1.1" 404 461 "-" "Mozilla/5.0 (Windows NT 6.0; rv:34.0) Gecko/20100101 Firefox/34.0"
94.25.170.246 - - [10/Oct/2016:13:44:22 -0400] "GET /administrator/index.php HTTP/1.1" 404 470 "http://averagepriceforanapp.com/administrator/" "Mozilla/5.0 (Windows NT 6.0; rv:34.0) Gecko/20100101 Firefox/34.0"
94.25.170.246 - - [10/Oct/2016:13:52:53 -0400] "GET /wp-login.php HTTP/1.1" 404 459 "-" "Mozilla/5.0 (Windows NT 6.0; rv:34.0) Gecko/20100101 Firefox/34.0"
94.25.170.246 - - [10/Oct/2016:13:52:54 -0400] "GET /wp-admin/ HTTP/1.1" 404 456 "http://averagepriceforanapp.com/wp-login.php" "Mozilla/5.0 (Windows NT 6.0; rv:34.0) Gecko/20100101 Firefox/34.0"
94.25.170.246 - - [10/Oct/2016:13:55:59 -0400] "GET /admin.php HTTP/1.1" 404 456 "-" "Mozilla/5.0 (Windows NT 6.0; rv:34.0) Gecko/20100101 Firefox/34.0"
94.25.170.246 - - [10/Oct/2016:13:57:22 -0400] "GET /admin HTTP/1.1" 404 452 "-" "Mozilla/5.0 (Windows NT 6.0; rv:34.0) Gecko/20100101 Firefox/34.0"
178.69.187.165 - - [10/Oct/2016:14:03:32 -0400] "GET /administrator/ HTTP/1.1" 404 461 "-" "Mozilla/5.0 (Windows NT 6.0; rv:34.0) Gecko/20100101 Firefox/34.0"
178.69.187.165 - - [10/Oct/2016:14:03:32 -0400] "GET /administrator/index.php HTTP/1.1" 404 470 "http://averagepriceforanapp.com/administrator/" "Mozilla/5.0 (Windows NT 6.0; rv:34.0) Gecko/20100101 Firefox/34.0"
178.69.187.165 - - [10/Oct/2016:14:11:12 -0400] "GET /wp-login.php HTTP/1.1" 404 459 "-" "Mozilla/5.0 (Windows NT 6.0; rv:34.0) Gecko/20100101 Firefox/34.0"
178.69.187.165 - - [10/Oct/2016:14:11:12 -0400] "GET /wp-admin/ HTTP/1.1" 404 456 "http://averagepriceforanapp.com/wp-login.php" "Mozilla/5.0 (Windows NT 6.0; rv:34.0) Gecko/20100101 Firefox/34.0"
178.69.187.165 - - [10/Oct/2016:14:13:57 -0400] "GET /admin.php HTTP/1.1" 404 456 "-" "Mozilla/5.0 (Windows NT 6.0; rv:34.0) Gecko/20100101 Firefox/34.0"
178.69.187.165 - - [10/Oct/2016:14:15:39 -0400] "GET /admin HTTP/1.1" 404 452 "-" "Mozilla/5.0 (Windows NT 6.0; rv:34.0) Gecko/20100101 Firefox/34.0"
93.185.21.111 - - [10/Oct/2016:14:20:22 -0400] "GET /administrator/ HTTP/1.1" 404 461 "-" "Mozilla/5.0 (Windows NT 6.0; rv:34.0) Gecko/20100101 Firefox/34.0"
93.185.21.111 - - [10/Oct/2016:14:20:23 -0400] "GET /administrator/index.php HTTP/1.1" 404 470 "http://averagepriceforanapp.com/administrator/" "Mozilla/5.0 (Windows NT 6.0; rv:34.0) Gecko/20100101 Firefox/34.0"
93.185.21.111 - - [10/Oct/2016:14:27:01 -0400] "GET /wp-login.php HTTP/1.1" 404 459 "-" "Mozilla/5.0 (Windows NT 6.0; rv:34.0) Gecko/20100101 Firefox/34.0"
93.185.21.111 - - [10/Oct/2016:14:27:01 -0400] "GET /wp-admin/ HTTP/1.1" 404 456 "http://averagepriceforanapp.com/wp-login.php" "Mozilla/5.0 (Windows NT 6.0; rv:34.0) Gecko/20100101 Firefox/34.0"
93.185.21.111 - - [10/Oct/2016:14:29:01 -0400] "GET /admin.php HTTP/1.1" 404 456 "-" "Mozilla/5.0 (Windows NT 6.0; rv:34.0) Gecko/20100101 Firefox/34.0"
93.185.21.111 - - [10/Oct/2016:14:30:14 -0400] "GET /admin HTTP/1.1" 404 452 "-" "Mozilla/5.0 (Windows NT 6.0; rv:34.0) Gecko/20100101 Firefox/34.0"
66.249.64.71 - - [10/Oct/2016:14:54:36 -0400] "GET / HTTP/1.1" 500 9210 "-" "Mozilla/5.0 (compatible; Googlebot/2.1; +http://www.google.com/bot.html)"
66.249.64.148 - - [10/Oct/2016:14:56:53 -0400] "GET /robots.txt HTTP/1.1" 404 517 "-" "Mozilla/5.0 (compatible; Googlebot/2.1; +http://www.google.com/bot.html)"
66.249.64.148 - - [10/Oct/2016:14:56:53 -0400] "GET / HTTP/1.1" 500 9210 "-" "Mozilla/5.0 (compatible; Googlebot/2.1; +http://www.google.com/bot.html)"
66.249.64.151 - - [10/Oct/2016:14:57:53 -0400] "GET / HTTP/1.1" 500 9210 "-" "Mozilla/5.0 (compatible; Googlebot/2.1; +http://www.google.com/bot.html)"
66.249.64.148 - - [10/Oct/2016:14:58:53 -0400] "GET / HTTP/1.1" 500 9210 "-" "Mozilla/5.0 (compatible; Googlebot/2.1; +http://www.google.com/bot.html)"
66.249.64.66 - - [10/Oct/2016:15:03:03 -0400] "GET / HTTP/1.1" 500 9210 "-" "Mozilla/5.0 (compatible; Googlebot/2.1; +http://www.google.com/bot.html)"
66.249.64.151 - - [10/Oct/2016:15:04:32 -0400] "GET / HTTP/1.1" 500 9210 "-" "Mozilla/5.0 (compatible; Googlebot/2.1; +http://www.google.com/bot.html)"
180.76.15.143 - - [10/Oct/2016:17:40:20 -0400] "GET / HTTP/1.1" 500 9210 "-" "Mozilla/5.0 (compatible; Baiduspider/2.0; +http://www.baidu.com/search/spider.html)"
157.55.39.61 - - [10/Oct/2016:17:41:32 -0400] "GET /robots.txt HTTP/1.1" 404 513 "-" "Mozilla/5.0 (compatible; bingbot/2.0; +http://www.bing.com/bingbot.htm)"
157.55.39.61 - - [10/Oct/2016:17:41:34 -0400] "GET /robots.txt HTTP/1.1" 404 513 "-" "Mozilla/5.0 (compatible; bingbot/2.0; +http://www.bing.com/bingbot.htm)"
157.55.39.61 - - [10/Oct/2016:17:42:01 -0400] "GET / HTTP/1.1" 500 9210 "-" "Mozilla/5.0 (compatible; bingbot/2.0; +http://www.bing.com/bingbot.htm)"
202.46.58.155 - - [10/Oct/2016:18:13:50 -0400] "GET / HTTP/1.1" 500 9210 "-" "Mozilla/5.0 (Windows NT 10.0; WOW64) AppleWebKit/537.36 (KHTML, like Gecko) Chrome/45.0.2454.93 Safari/537.36"
104.193.88.244 - - [10/Oct/2016:18:47:19 -0400] "GET / HTTP/1.1" 500 9210 "-" "Mozilla/5.0 (Windows NT 10.0; WOW64) AppleWebKit/537.36 (KHTML, like Gecko) Chrome/45.0.2454.93 Safari/537.36"
66.249.69.199 - - [10/Oct/2016:21:50:35 -0400] "GET / HTTP/1.1" 500 9210 "-" "Mozilla/5.0 (compatible; Googlebot/2.1; +http://www.google.com/bot.html)"
157.55.39.89 - - [11/Oct/2016:01:04:20 -0400] "GET / HTTP/1.1" 500 9210 "-" "Mozilla/5.0 (compatible; bingbot/2.0; +http://www.bing.com/bingbot.htm)"
66.249.69.204 - - [11/Oct/2016:01:19:46 -0400] "GET /robots.txt HTTP/1.1" 404 513 "-" "Mozilla/5.0 (compatible; Googlebot/2.1; +http://www.google.com/bot.html)"
66.249.69.194 - - [11/Oct/2016:01:19:56 -0400] "GET / HTTP/1.1" 500 9210 "-" "Mozilla/5.0 (compatible; Googlebot/2.1; +http://www.google.com/bot.html)"
66.249.69.199 - - [11/Oct/2016:06:50:18 -0400] "GET / HTTP/1.1" 500 9210 "-" "Mozilla/5.0 (compatible; Googlebot/2.1; +http://www.google.com/bot.html)"
157.55.39.89 - - [11/Oct/2016:12:37:10 -0400] "GET / HTTP/1.1" 500 9210 "-" "Mozilla/5.0 (compatible; bingbot/2.0; +http://www.bing.com/bingbot.htm)"
66.249.69.114 - - [11/Oct/2016:13:44:53 -0400] "GET /robots.txt HTTP/1.1" 404 517 "-" "Mozilla/5.0 (compatible; Googlebot/2.1; +http://www.google.com/bot.html)"
66.249.69.118 - - [11/Oct/2016:13:44:53 -0400] "GET /public/img/favicon.ico HTTP/1.1" 200 1450 "-" "Googlebot-Image/1.0"
66.249.75.139 - - [11/Oct/2016:14:05:47 -0400] "GET /robots.txt HTTP/1.1" 404 513 "-" "Mozilla/5.0 (compatible; Googlebot/2.1; +http://www.google.com/bot.html)"
66.249.75.131 - - [11/Oct/2016:14:05:47 -0400] "GET / HTTP/1.1" 500 9210 "-" "Mozilla/5.0 (compatible; Googlebot/2.1; +http://www.google.com/bot.html)"
66.249.69.118 - - [11/Oct/2016:15:29:35 -0400] "GET /public/img/pc6.png HTTP/1.1" 200 28186 "-" "Googlebot-Image/1.0"
66.249.73.130 - - [11/Oct/2016:18:39:14 -0400] "GET / HTTP/1.1" 500 9210 "-" "Mozilla/5.0 (compatible; Googlebot/2.1; +http://www.google.com/bot.html)"
47.88.0.90 - - [11/Oct/2016:20:24:05 -0400] "GET /admin HTTP/1.1" 404 452 "http://averagepriceforanapp.com/admin" "Mozilla/4.0 (compatible; MSIE 9.0; Windows NT 6.1; 125LA; .NET CLR 2.0.50727; .NET CLR 3.0.04506.648; .NET CLR 3.5.21022)"
47.88.0.90 - - [11/Oct/2016:20:24:06 -0400] "GET /admins HTTP/1.1" 404 453 "http://averagepriceforanapp.com/admins" "Mozilla/4.0 (compatible; MSIE 9.0; Windows NT 6.1; 125LA; .NET CLR 2.0.50727; .NET CLR 3.0.04506.648; .NET CLR 3.5.21022)"
47.88.0.90 - - [11/Oct/2016:20:24:06 -0400] "GET /adminn HTTP/1.1" 404 453 "http://averagepriceforanapp.com/adminn" "Mozilla/4.0 (compatible; MSIE 9.0; Windows NT 6.1; 125LA; .NET CLR 2.0.50727; .NET CLR 3.0.04506.648; .NET CLR 3.5.21022)"
47.88.0.90 - - [11/Oct/2016:20:24:06 -0400] "GET /administrator HTTP/1.1" 404 460 "http://averagepriceforanapp.com/administrator" "Mozilla/4.0 (compatible; MSIE 9.0; Windows NT 6.1; 125LA; .NET CLR 2.0.50727; .NET CLR 3.0.04506.648; .NET CLR 3.5.21022)"
47.88.0.90 - - [11/Oct/2016:20:24:07 -0400] "GET /manage HTTP/1.1" 404 453 "http://averagepriceforanapp.com/manage" "Mozilla/4.0 (compatible; MSIE 9.0; Windows NT 6.1; 125LA; .NET CLR 2.0.50727; .NET CLR 3.0.04506.648; .NET CLR 3.5.21022)"
47.88.0.90 - - [11/Oct/2016:20:24:07 -0400] "GET /manager HTTP/1.1" 404 454 "http://averagepriceforanapp.com/manager" "Mozilla/4.0 (compatible; MSIE 9.0; Windows NT 6.1; 125LA; .NET CLR 2.0.50727; .NET CLR 3.0.04506.648; .NET CLR 3.5.21022)"
47.88.0.90 - - [11/Oct/2016:20:24:08 -0400] "GET /webadmin HTTP/1.1" 404 455 "http://averagepriceforanapp.com/webadmin" "Mozilla/4.0 (compatible; MSIE 9.0; Windows NT 6.1; 125LA; .NET CLR 2.0.50727; .NET CLR 3.0.04506.648; .NET CLR 3.5.21022)"
47.88.0.90 - - [11/Oct/2016:20:24:08 -0400] "GET /webmaster HTTP/1.1" 404 456 "http://averagepriceforanapp.com/webmaster" "Mozilla/4.0 (compatible; MSIE 9.0; Windows NT 6.1; 125LA; .NET CLR 2.0.50727; .NET CLR 3.0.04506.648; .NET CLR 3.5.21022)"
47.88.0.90 - - [11/Oct/2016:20:24:08 -0400] "GET /sysadmin HTTP/1.1" 404 455 "http://averagepriceforanapp.com/sysadmin" "Mozilla/4.0 (compatible; MSIE 9.0; Windows NT 6.1; 125LA; .NET CLR 2.0.50727; .NET CLR 3.0.04506.648; .NET CLR 3.5.21022)"
47.88.0.90 - - [11/Oct/2016:20:24:09 -0400] "GET /system HTTP/1.1" 404 453 "http://averagepriceforanapp.com/system" "Mozilla/4.0 (compatible; MSIE 9.0; Windows NT 6.1; 125LA; .NET CLR 2.0.50727; .NET CLR 3.0.04506.648; .NET CLR 3.5.21022)"
47.88.0.90 - - [11/Oct/2016:20:24:09 -0400] "GET /sysadm HTTP/1.1" 404 453 "http://averagepriceforanapp.com/sysadm" "Mozilla/4.0 (compatible; MSIE 9.0; Windows NT 6.1; 125LA; .NET CLR 2.0.50727; .NET CLR 3.0.04506.648; .NET CLR 3.5.21022)"
47.88.0.90 - - [11/Oct/2016:20:24:09 -0400] "GET /admin_area HTTP/1.1" 404 457 "http://averagepriceforanapp.com/admin_area" "Mozilla/4.0 (compatible; MSIE 9.0; Windows NT 6.1; 125LA; .NET CLR 2.0.50727; .NET CLR 3.0.04506.648; .NET CLR 3.5.21022)"
47.88.0.90 - - [11/Oct/2016:20:24:10 -0400] "GET /AdminWeb HTTP/1.1" 404 455 "http://averagepriceforanapp.com/AdminWeb" "Mozilla/4.0 (compatible; MSIE 9.0; Windows NT 6.1; 125LA; .NET CLR 2.0.50727; .NET CLR 3.0.04506.648; .NET CLR 3.5.21022)"
47.88.0.90 - - [11/Oct/2016:20:24:10 -0400] "GET /newsadmin HTTP/1.1" 404 456 "http://averagepriceforanapp.com/newsadmin" "Mozilla/4.0 (compatible; MSIE 9.0; Windows NT 6.1; 125LA; .NET CLR 2.0.50727; .NET CLR 3.0.04506.648; .NET CLR 3.5.21022)"
47.88.0.90 - - [11/Oct/2016:20:24:10 -0400] "GET /admin888 HTTP/1.1" 404 455 "http://averagepriceforanapp.com/admin888" "Mozilla/4.0 (compatible; MSIE 9.0; Windows NT 6.1; 125LA; .NET CLR 2.0.50727; .NET CLR 3.0.04506.648; .NET CLR 3.5.21022)"
47.88.0.90 - - [11/Oct/2016:20:24:11 -0400] "GET /control HTTP/1.1" 404 454 "http://averagepriceforanapp.com/control" "Mozilla/4.0 (compatible; MSIE 9.0; Windows NT 6.1; 125LA; .NET CLR 2.0.50727; .NET CLR 3.0.04506.648; .NET CLR 3.5.21022)"
47.88.0.90 - - [11/Oct/2016:20:24:11 -0400] "GET /moderator HTTP/1.1" 404 456 "http://averagepriceforanapp.com/moderator" "Mozilla/4.0 (compatible; MSIE 9.0; Windows NT 6.1; 125LA; .NET CLR 2.0.50727; .NET CLR 3.0.04506.648; .NET CLR 3.5.21022)"
47.88.0.90 - - [11/Oct/2016:20:24:12 -0400] "GET /checkadmin HTTP/1.1" 404 457 "http://averagepriceforanapp.com/checkadmin" "Mozilla/4.0 (compatible; MSIE 9.0; Windows NT 6.1; 125LA; .NET CLR 2.0.50727; .NET CLR 3.0.04506.648; .NET CLR 3.5.21022)"
47.88.0.90 - - [11/Oct/2016:20:24:12 -0400] "GET /processlogin HTTP/1.1" 404 459 "http://averagepriceforanapp.com/processlogin" "Mozilla/4.0 (compatible; MSIE 9.0; Windows NT 6.1; 125LA; .NET CLR 2.0.50727; .NET CLR 3.0.04506.648; .NET CLR 3.5.21022)"
47.88.0.90 - - [11/Oct/2016:20:24:12 -0400] "GET /fileadmin HTTP/1.1" 404 456 "http://averagepriceforanapp.com/fileadmin" "Mozilla/4.0 (compatible; MSIE 9.0; Windows NT 6.1; 125LA; .NET CLR 2.0.50727; .NET CLR 3.0.04506.648; .NET CLR 3.5.21022)"
47.88.0.90 - - [11/Oct/2016:20:24:13 -0400] "GET /admin_manage_access HTTP/1.1" 404 466 "http://averagepriceforanapp.com/admin_manage_access" "Mozilla/4.0 (compatible; MSIE 9.0; Windows NT 6.1; 125LA; .NET CLR 2.0.50727; .NET CLR 3.0.04506.648; .NET CLR 3.5.21022)"
47.88.0.90 - - [11/Oct/2016:20:24:13 -0400] "GET /admin_manage HTTP/1.1" 404 459 "http://averagepriceforanapp.com/admin_manage" "Mozilla/4.0 (compatible; MSIE 9.0; Windows NT 6.1; 125LA; .NET CLR 2.0.50727; .NET CLR 3.0.04506.648; .NET CLR 3.5.21022)"
47.88.0.90 - - [11/Oct/2016:20:24:13 -0400] "GET /admin_index.htm HTTP/1.1" 404 462 "http://averagepriceforanapp.com/admin_index.htm" "Mozilla/4.0 (compatible; MSIE 9.0; Windows NT 6.1; 125LA; .NET CLR 2.0.50727; .NET CLR 3.0.04506.648; .NET CLR 3.5.21022)"
47.88.0.90 - - [11/Oct/2016:20:24:13 -0400] "GET /admin_index.html HTTP/1.1" 404 463 "http://averagepriceforanapp.com/admin_index.html" "Mozilla/4.0 (compatible; MSIE 9.0; Windows NT 6.1; 125LA; .NET CLR 2.0.50727; .NET CLR 3.0.04506.648; .NET CLR 3.5.21022)"
47.88.0.90 - - [11/Oct/2016:20:24:14 -0400] "GET /admin_index.asp HTTP/1.1" 404 462 "http://averagepriceforanapp.com/admin_index.asp" "Mozilla/4.0 (compatible; MSIE 9.0; Windows NT 6.1; 125LA; .NET CLR 2.0.50727; .NET CLR 3.0.04506.648; .NET CLR 3.5.21022)"
47.88.0.90 - - [11/Oct/2016:20:24:14 -0400] "GET /admin_index.aspx HTTP/1.1" 404 463 "http://averagepriceforanapp.com/admin_index.aspx" "Mozilla/4.0 (compatible; MSIE 9.0; Windows NT 6.1; 125LA; .NET CLR 2.0.50727; .NET CLR 3.0.04506.648; .NET CLR 3.5.21022)"
47.88.0.90 - - [11/Oct/2016:20:24:14 -0400] "GET /admin_index.php HTTP/1.1" 404 462 "http://averagepriceforanapp.com/admin_index.php" "Mozilla/4.0 (compatible; MSIE 9.0; Windows NT 6.1; 125LA; .NET CLR 2.0.50727; .NET CLR 3.0.04506.648; .NET CLR 3.5.21022)"
47.88.0.90 - - [11/Oct/2016:20:24:15 -0400] "GET /admin.htm HTTP/1.1" 404 456 "http://averagepriceforanapp.com/admin.htm" "Mozilla/4.0 (compatible; MSIE 9.0; Windows NT 6.1; 125LA; .NET CLR 2.0.50727; .NET CLR 3.0.04506.648; .NET CLR 3.5.21022)"
47.88.0.90 - - [11/Oct/2016:20:24:15 -0400] "GET /admin.html HTTP/1.1" 404 457 "http://averagepriceforanapp.com/admin.html" "Mozilla/4.0 (compatible; MSIE 9.0; Windows NT 6.1; 125LA; .NET CLR 2.0.50727; .NET CLR 3.0.04506.648; .NET CLR 3.5.21022)"
